// Jest Snapshot v1, https://goo.gl/fbAQLP

exports[`Box component Component matches snapshot 1`] = `
<View
  backgroundColor="transparent"
  border={
    Object {
      "borderColor": "black",
      "borderStyle": "solid",
      "borderWidth": 0,
    }
  }
  borderRadius={0}
  style={
    Array [
      Object {
        "backgroundColor": "#00000000",
        "borderColor": "#000",
        "borderRadius": 0,
        "borderStyle": "solid",
        "borderWidth": 0,
      },
    ]
  }
>
  abc
</View>
`;
