// Jest Snapshot v1, https://goo.gl/fbAQLP

exports[`Box component Component matches snapshot 1`] = `
<View
  style={
    Array [
      Object {
        "backgroundColor": "#000",
        "borderColor": "#000",
        "marginBottom": 0,
        "marginLeft": 0,
        "marginRight": 0,
        "marginTop": 0,
        "paddingBottom": 0,
        "paddingLeft": 0,
        "paddingRight": 0,
        "paddingTop": 0,
      },
    ]
  }
>
  abc
</View>
`;
